
> drake-ai-frontend@2.4.1 dev
> vite --port 3000


  [32m[1mVITE[22m v5.4.21[39m  [2mready in [0m[1m1699[22m[2m[0m ms[22m

  [32m➜[39m  [1mLocal[22m:   [36mhttp://localhost:[1m3000[22m/[39m
[2m  [32m➜[39m  [1mNetwork[22m[2m: use [22m[1m--host[22m[2m to expose[22m
[2m11:18:26 am[22m [36m[1m[vite][22m[39m [32mhmr update [39m[2m/src/pages/UIOnlyModulePage.tsx, /src/index.css[22m
[2m11:18:26 am[22m [36m[1m[vite][22m[39m [32mhmr update [39m[2m/src/pages/UIOnlyModulePage.tsx, /src/index.css[22m
[2m11:18:44 am[22m [36m[1m[vite][22m[39m [32mhmr update [39m[2m/src/pages/UIOnlyModulePage.tsx, /src/index.css[22m
[2m11:18:59 am[22m [36m[1m[vite][22m[39m [32mhmr update [39m[2m/src/pages/UIOnlyModulePage.tsx, /src/index.css[22m
[2m11:19:33 am[22m [36m[1m[vite][22m[39m [32mhmr update [39m[2m/src/pages/UIOnlyModulePage.tsx, /src/index.css[22m
[2m11:20:09 am[22m [36m[1m[vite][22m[39m [32mhmr update [39m[2m/src/pages/UIOnlyModulePage.tsx, /src/index.css[22m
[2m11:21:15 am[22m [36m[1m[vite][22m[39m [32mhmr update [39m[2m/src/pages/UIOnlyModulePage.tsx, /src/index.css[22m
[2m11:21:37 am[22m [36m[1m[vite][22m[39m [32mhmr update [39m[2m/src/pages/UIOnlyModulePage.tsx, /src/index.css[22m
[2m11:23:02 am[22m [36m[1m[vite][22m[39m [32mhmr update [39m[2m/src/pages/UIOnlyModulePage.tsx, /src/index.css[22m
[2m11:35:58 am[22m [36m[1m[vite][22m[39m [32mhmr update [39m[2m/src/pages/FaciesClassificationPage.tsx, /src/index.css[22m
[2m11:36:34 am[22m [36m[1m[vite][22m[39m [32mhmr update [39m[2m/src/pages/FaciesClassificationPage.tsx, /src/index.css[22m
[2m11:37:03 am[22m [36m[1m[vite][22m[39m [32mhmr update [39m[2m/src/pages/FaciesClassificationPage.tsx, /src/index.css[22m
[2m11:37:30 am[22m [36m[1m[vite][22m[39m [32mhmr update [39m[2m/src/pages/FormationTopsPage.tsx, /src/index.css[22m
[2m11:38:51 am[22m [36m[1m[vite][22m[39m [32mhmr update [39m[2m/src/pages/FormationTopsPage.tsx, /src/index.css[22m
[2m11:39:16 am[22m [36m[1m[vite][22m[39m [32mhmr update [39m[2m/src/pages/FormationTopsPage.tsx, /src/index.css[22m
[2m11:52:45 am[22m [36m[1m[vite][22m[39m [32mhmr update [39m[2m/src/pages/FaciesClassificationPage.tsx, /src/index.css[22m
[2m11:53:08 am[22m [36m[1m[vite][22m[39m [32mhmr update [39m[2m/src/pages/FaciesClassificationPage.tsx, /src/index.css[22m
[2m11:53:47 am[22m [36m[1m[vite][22m[39m [32mhmr update [39m[2m/src/pages/DashboardPage.tsx, /src/index.css[22m
[2m11:54:08 am[22m [36m[1m[vite][22m[39m [32mhmr update [39m[2m/src/pages/DashboardPage.tsx, /src/index.css[22m
[2m11:54:23 am[22m [36m[1m[vite][22m[39m [32mhmr update [39m[2m/src/components/layout/TopBar.tsx, /src/index.css[22m
[2m11:57:49 am[22m [36m[1m[vite][22m[39m [32mhmr update [39m[2m/src/App.tsx, /src/index.css[22m
[2m11:57:49 am[22m [36m[1m[vite][22m[39m [32mhmr update [39m[2m/src/pages/LoginPage.tsx, /src/index.css[22m
[2m11:57:49 am[22m [36m[1m[vite][22m[39m [32mhmr update [39m[2m/src/pages/FaciesClassificationPage.tsx, /src/index.css[22m
[2m11:57:49 am[22m [36m[1m[vite][22m[39m [32mhmr update [39m[2m/src/pages/ProjectsPage.tsx, /src/index.css[22m
